---
source: illicit/src/lib.rs
expression: e
---
expected a `u8` from the environment, did not find it in current env: Snapshot { current: Layer }
