---
source: illicit/src/lib.rs
expression: "format!(\"{:?}\", snapshot)"
---
Snapshot { current: Layer { u8: 1 } }
